// Jest Snapshot v1, https://goo.gl/fbAQLP

exports[`renders correctly 1`] = `
<RCTSwitch
  accessibilityRole="switch"
  onChange={[Function]}
  onResponderTerminationRequest={[Function]}
  onStartShouldSetResponder={[Function]}
  onTintColor="#ADCCB7"
  style={
    [
      {
        "height": 31,
        "width": 51,
      },
      {
        "backgroundColor": "#3e3e3e",
        "borderRadius": 16,
      },
    ]
  }
  thumbTintColor="#FFFFFF"
  tintColor="#E7E7E7"
  value={false}
/>
`;
